============================= test session starts =============================
platform win32 -- Python 3.11.9, pytest-9.0.2, pluggy-1.6.0 -- C:\Users\Rahul\AppData\Local\Programs\Python\Python311\python.exe
cachedir: .pytest_cache
rootdir: C:\Users\Rahul\.gemini\antigravity\scratch\event-based-trading-bot-main
configfile: pytest.ini
plugins: anyio-4.12.1, Faker-39.0.0
collecting ... collected 2 items

tests/test_report_flow.py::test_generate_report_api_flow FAILED          [ 50%]
tests/test_mode_validation.py::test_trade_mode_validation FAILED         [100%]

================================== FAILURES ===================================
________________________ test_generate_report_api_flow ________________________

client = <starlette.testclient.TestClient object at 0x0000021BBA706F90>
db_session = <sqlalchemy.orm.session.Session object at 0x0000021BBC400050>

    def test_generate_report_api_flow(client, db_session):
        """
        Test the full flow:
        1. Insert Trades (LIVE and PAPER)
        2. Call /reports/generate for LIVE
        3. Verify Report is created and matches logic
        """
        today = date.today()
    
        # 1. Insert Trades
        t1 = Trade(
            timestamp=datetime.now(),
            ticker="TCS.NS",
            side="BUY",
            quantity=10,
            price=3000.0,
            pnl=500.0,
            mode=Mode.LIVE
        )
        t2 = Trade(
            timestamp=datetime.now(),
            ticker="INFY.NS",
            side="BUY",
            quantity=20,
            price=1500.0,
            pnl=-200.0,
            mode=Mode.LIVE
        )
        # Different mode (should be ignored)
        t3 = Trade(
            timestamp=datetime.now(),
            ticker="RELIANCE.NS",
            side="BUY",
            quantity=5,
            price=2500.0,
            pnl=1000.0,
            mode=Mode.PAPER
        )
    
        db_session.add_all([t1, t2, t3])
        db_session.commit()
    
        # 2. Call API to Generate Report
        payload = {
            "date": str(today),
            "mode": "LIVE",
            "universe": "NIFTY_NEXT50"
        }
        response = client.post("/reports/generate", json=payload)
    
>       assert response.status_code == 200
E       assert 500 == 200
E        +  where 500 = <Response [500 Internal Server Error]>.status_code

tests\test_report_flow.py:57: AssertionError
---------------------------- Captured stdout call -----------------------------
2026-01-13 13:17:57 [info     ] generating_report              date=datetime.date(2026, 1, 13) mode=LIVE
2026-01-13 13:17:57 [error    ] api_gen_report_fail            error="(sqlite3.OperationalError) no such table: trades\n[SQL: SELECT trades.id AS trades_id, trades.timestamp AS trades_timestamp, trades.ticker AS trades_ticker, trades.side AS trades_side, trades.quantity AS trades_quantity, trades.price AS trades_price, trades.pnl AS trades_pnl, trades.reason AS trades_reason, trades.mode AS trades_mode, trades.strategy_version AS trades_strategy_version, trades.run_id AS trades_run_id \nFROM trades \nWHERE date(trades.timestamp) = ? AND trades.mode = ?]\n[parameters: ('2026-01-13', 'LIVE')]\n(Background on this error at: https://sqlalche.me/e/20/e3q8)"
_________________________ test_trade_mode_validation __________________________

self = <sqlalchemy.engine.base.Connection object at 0x0000021BBD0F1650>
dialect = <sqlalchemy.dialects.sqlite.pysqlite.SQLiteDialect_pysqlite object at 0x0000021BBD0C6D90>
constructor = <bound method DefaultExecutionContext._init_compiled of <class 'sqlalchemy.dialects.sqlite.base.SQLiteExecutionContext'>>
statement = <sqlalchemy.dialects.sqlite.base.SQLiteCompiler object at 0x0000021BBD0F2A90>
parameters = [{'mode': 'LIVE', 'price': 100, 'quantity': 1, 'reason': None, ...}]
execution_options = immutabledict({'compiled_cache': <sqlalchemy.util._collections.LRUCache object at 0x0000021BBD0B7240>})
args = (<sqlalchemy.dialects.sqlite.base.SQLiteCompiler object at 0x0000021BBD0F2A90>, [{'mode': 'LIVE', 'price': 100, 'quantity': 1, 'reason': None, ...}], <sqlalchemy.sql.dml.Insert object at 0x0000021BBCDD9DD0>, [])
kw = {'cache_hit': <CacheStats.CACHE_MISS: 1>}, yp = None
conn = <sqlalchemy.pool.base._ConnectionFairy object at 0x0000021BBD09E690>

    def _execute_context(
        self,
        dialect: Dialect,
        constructor: Callable[..., ExecutionContext],
        statement: Union[str, Compiled],
        parameters: Optional[_AnyMultiExecuteParams],
        execution_options: _ExecuteOptions,
        *args: Any,
        **kw: Any,
    ) -> CursorResult[Any]:
        """Create an :class:`.ExecutionContext` and execute, returning
        a :class:`_engine.CursorResult`."""
    
        if execution_options:
            yp = execution_options.get("yield_per", None)
            if yp:
                execution_options = execution_options.union(
                    {"stream_results": True, "max_row_buffer": yp}
                )
        try:
            conn = self._dbapi_connection
            if conn is None:
                conn = self._revalidate_connection()
    
>           context = constructor(
                dialect, self, conn, execution_options, *args, **kw
            )

..\..\..\..\AppData\Local\Programs\Python\Python311\Lib\site-packages\sqlalchemy\engine\base.py:1815: 
_ _ _ _ _ _ _ _ _ _ _ _ _ _ _ _ _ _ _ _ _ _ _ _ _ _ _ _ _ _ _ _ _ _ _ _ _ _ _ _
..\..\..\..\AppData\Local\Programs\Python\Python311\Lib\site-packages\sqlalchemy\engine\default.py:1494: in _init_compiled
    l_param: List[Any] = [
..\..\..\..\AppData\Local\Programs\Python\Python311\Lib\site-packages\sqlalchemy\engine\default.py:1496: in <listcomp>
    flattened_processors[key](compiled_params[key])
_ _ _ _ _ _ _ _ _ _ _ _ _ _ _ _ _ _ _ _ _ _ _ _ _ _ _ _ _ _ _ _ _ _ _ _ _ _ _ _

value = '2024-01-01 10:00:00'

    def process(value):
        if value is None:
            return None
        elif isinstance(value, datetime_datetime):
            return format_ % {
                "year": value.year,
                "month": value.month,
                "day": value.day,
                "hour": value.hour,
                "minute": value.minute,
                "second": value.second,
                "microsecond": value.microsecond,
            }
        elif isinstance(value, datetime_date):
            return format_ % {
                "year": value.year,
                "month": value.month,
                "day": value.day,
                "hour": 0,
                "minute": 0,
                "second": 0,
                "microsecond": 0,
            }
        else:
>           raise TypeError(
                "SQLite DateTime type only accepts Python "
                "datetime and date objects as input."
            )
E           TypeError: SQLite DateTime type only accepts Python datetime and date objects as input.

..\..\..\..\AppData\Local\Programs\Python\Python311\Lib\site-packages\sqlalchemy\dialects\sqlite\base.py:1207: TypeError

The above exception was the direct cause of the following exception:

db_session = <sqlalchemy.orm.session.Session object at 0x0000021BBCFEF650>

    def test_trade_mode_validation(db_session):
        """
        CI Guardrail: Ensure Trade model enforces or normalizes 'mode' casing.
        """
    
        # Case 1: Standard Uppercase (Valid)
        t1 = Trade(
            timestamp="2024-01-01 10:00:00",
            ticker="A.NS",
            side="BUY",
            quantity=1,
            price=100,
            mode="LIVE"
        )
        db_session.add(t1)
>       db_session.commit()

tests\test_mode_validation.py:21: 
_ _ _ _ _ _ _ _ _ _ _ _ _ _ _ _ _ _ _ _ _ _ _ _ _ _ _ _ _ _ _ _ _ _ _ _ _ _ _ _
..\..\..\..\AppData\Local\Programs\Python\Python311\Lib\site-packages\sqlalchemy\orm\session.py:2030: in commit
    trans.commit(_to_root=True)
<string>:2: in commit
    ???
..\..\..\..\AppData\Local\Programs\Python\Python311\Lib\site-packages\sqlalchemy\orm\state_changes.py:137: in _go
    ret_value = fn(self, *arg, **kw)
                ^^^^^^^^^^^^^^^^^^^^
..\..\..\..\AppData\Local\Programs\Python\Python311\Lib\site-packages\sqlalchemy\orm\session.py:1311: in commit
    self._prepare_impl()
<string>:2: in _prepare_impl
    ???
..\..\..\..\AppData\Local\Programs\Python\Python311\Lib\site-packages\sqlalchemy\orm\state_changes.py:137: in _go
    ret_value = fn(self, *arg, **kw)
                ^^^^^^^^^^^^^^^^^^^^
..\..\..\..\AppData\Local\Programs\Python\Python311\Lib\site-packages\sqlalchemy\orm\session.py:1286: in _prepare_impl
    self.session.flush()
..\..\..\..\AppData\Local\Programs\Python\Python311\Lib\site-packages\sqlalchemy\orm\session.py:4331: in flush
    self._flush(objects)
..\..\..\..\AppData\Local\Programs\Python\Python311\Lib\site-packages\sqlalchemy\orm\session.py:4466: in _flush
    with util.safe_reraise():
..\..\..\..\AppData\Local\Programs\Python\Python311\Lib\site-packages\sqlalchemy\util\langhelpers.py:224: in __exit__
    raise exc_value.with_traceback(exc_tb)
..\..\..\..\AppData\Local\Programs\Python\Python311\Lib\site-packages\sqlalchemy\orm\session.py:4427: in _flush
    flush_context.execute()
..\..\..\..\AppData\Local\Programs\Python\Python311\Lib\site-packages\sqlalchemy\orm\unitofwork.py:466: in execute
    rec.execute(self)
..\..\..\..\AppData\Local\Programs\Python\Python311\Lib\site-packages\sqlalchemy\orm\unitofwork.py:642: in execute
    util.preloaded.orm_persistence.save_obj(
..\..\..\..\AppData\Local\Programs\Python\Python311\Lib\site-packages\sqlalchemy\orm\persistence.py:93: in save_obj
    _emit_insert_statements(
..\..\..\..\AppData\Local\Programs\Python\Python311\Lib\site-packages\sqlalchemy\orm\persistence.py:1233: in _emit_insert_statements
    result = connection.execute(
..\..\..\..\AppData\Local\Programs\Python\Python311\Lib\site-packages\sqlalchemy\engine\base.py:1419: in execute
    return meth(
..\..\..\..\AppData\Local\Programs\Python\Python311\Lib\site-packages\sqlalchemy\sql\elements.py:527: in _execute_on_connection
    return connection._execute_clauseelement(
..\..\..\..\AppData\Local\Programs\Python\Python311\Lib\site-packages\sqlalchemy\engine\base.py:1641: in _execute_clauseelement
    ret = self._execute_context(
..\..\..\..\AppData\Local\Programs\Python\Python311\Lib\site-packages\sqlalchemy\engine\base.py:1821: in _execute_context
    self._handle_dbapi_exception(
..\..\..\..\AppData\Local\Programs\Python\Python311\Lib\site-packages\sqlalchemy\engine\base.py:2363: in _handle_dbapi_exception
    raise sqlalchemy_exception.with_traceback(exc_info[2]) from e
..\..\..\..\AppData\Local\Programs\Python\Python311\Lib\site-packages\sqlalchemy\engine\base.py:1815: in _execute_context
    context = constructor(
..\..\..\..\AppData\Local\Programs\Python\Python311\Lib\site-packages\sqlalchemy\engine\default.py:1494: in _init_compiled
    l_param: List[Any] = [
..\..\..\..\AppData\Local\Programs\Python\Python311\Lib\site-packages\sqlalchemy\engine\default.py:1496: in <listcomp>
    flattened_processors[key](compiled_params[key])
_ _ _ _ _ _ _ _ _ _ _ _ _ _ _ _ _ _ _ _ _ _ _ _ _ _ _ _ _ _ _ _ _ _ _ _ _ _ _ _

value = '2024-01-01 10:00:00'

    def process(value):
        if value is None:
            return None
        elif isinstance(value, datetime_datetime):
            return format_ % {
                "year": value.year,
                "month": value.month,
                "day": value.day,
                "hour": value.hour,
                "minute": value.minute,
                "second": value.second,
                "microsecond": value.microsecond,
            }
        elif isinstance(value, datetime_date):
            return format_ % {
                "year": value.year,
                "month": value.month,
                "day": value.day,
                "hour": 0,
                "minute": 0,
                "second": 0,
                "microsecond": 0,
            }
        else:
>           raise TypeError(
                "SQLite DateTime type only accepts Python "
                "datetime and date objects as input."
            )
E           sqlalchemy.exc.StatementError: (builtins.TypeError) SQLite DateTime type only accepts Python datetime and date objects as input.
E           [SQL: INSERT INTO trades (timestamp, ticker, side, quantity, price, pnl, reason, mode, strategy_version, run_id) VALUES (?, ?, ?, ?, ?, ?, ?, ?, ?, ?)]
E           [parameters: [{'side': 'BUY', 'mode': 'LIVE', 'ticker': 'A.NS', 'price': 100, 'timestamp': '2024-01-01 10:00:00', 'quantity': 1, 'run_id': None, 'reason': None}]]

..\..\..\..\AppData\Local\Programs\Python\Python311\Lib\site-packages\sqlalchemy\dialects\sqlite\base.py:1207: StatementError
============================== warnings summary ===============================
src\api\server.py:30
  C:\Users\Rahul\.gemini\antigravity\scratch\event-based-trading-bot-main\src\api\server.py:30: PydanticDeprecatedSince20: Support for class-based `config` is deprecated, use ConfigDict instead. Deprecated in Pydantic V2.0 to be removed in V3.0. See Pydantic V2 Migration Guide at https://errors.pydantic.dev/2.12/migration/
    class RunLogDTO(BaseModel):

src\api\server.py:41
  C:\Users\Rahul\.gemini\antigravity\scratch\event-based-trading-bot-main\src\api\server.py:41: PydanticDeprecatedSince20: Support for class-based `config` is deprecated, use ConfigDict instead. Deprecated in Pydantic V2.0 to be removed in V3.0. See Pydantic V2 Migration Guide at https://errors.pydantic.dev/2.12/migration/
    class TradeDTO(BaseModel):

-- Docs: https://docs.pytest.org/en/stable/how-to/capture-warnings.html
=========================== short test summary info ===========================
FAILED tests/test_report_flow.py::test_generate_report_api_flow - assert 500 ...
FAILED tests/test_mode_validation.py::test_trade_mode_validation - sqlalchemy...
======================== 2 failed, 2 warnings in 1.38s ========================
